// Jest Snapshot v1, https://goo.gl/fbAQLP

exports[`OpenApiService getConfig generates a config: config 1`] = `
{
  "components": {
    "securitySchemes": {
      "bearer": {
        "bearerFormat": "JWT",
        "scheme": "bearer",
        "type": "http",
      },
    },
  },
  "info": {
    "contact": {
      "email": "jonah@jonah.pw",
      "name": "Jonah Snider",
      "url": "https://jonahsnider.com",
    },
    "description": "Shorten URLs with invisible spaces.",
    "license": {
      "name": "Apache 2.0",
      "url": "https://www.apache.org/licenses/LICENSE-2.0.html",
    },
    "title": "Zero Width Shortener",
    "version": "VERSION",
  },
  "openapi": "3.0.0",
  "servers": [
    {
      "description": "Custom server (HTTP)",
      "url": "http://{host}/{basePath}",
      "variables": {
        "basePath": {
          "default": "",
        },
        "host": {
          "default": "hostname",
        },
      },
    },
    {
      "description": "Custom server (HTTPS)",
      "url": "https://{host}/{basePath}",
      "variables": {
        "basePath": {
          "default": "",
        },
        "host": {
          "default": "hostname",
        },
      },
    },
    {
      "description": "zws.im production",
      "url": "https://api.zws.im",
      "variables": undefined,
    },
  ],
  "tags": [
    {
      "description": "Shortened URLs",
      "name": "urls",
    },
    {
      "description": "Usage statistics",
      "name": "stats",
    },
    {
      "description": "Shields endpoint badges",
      "name": "shields",
    },
    {
      "description": "Health checks",
      "name": "health",
    },
  ],
}
`;
